Microchip MPLAB XC8 Compiler V2.32

Linker command line:

-W-3 --edf=C:\Program Files\Microchip\xc8\v2.32\pic\dat\en_msgs.txt -cn \
  -h+dist/default/production\projetoFinal.X.production.sym \
  --cmf=dist/default/production\projetoFinal.X.production.cmf -z -Q18F4520 \
  -oC:\Users\User\AppData\Local\Temp\xcAsdhk.4 --defsym=__MPLAB_BUILD=1 \
  -Mdist/default/production/projetoFinal.X.production.map -E1 \
  -ver=XC8 Compiler --acfsm=1493 -ASTACK=080h-05FFh -pstack=STACK \
  -ACODE=00h-07FFFh -ACONST=00h-07FFFh -ASMALLCONST=0600h-06FFhx122 \
  -AMEDIUMCONST=0600h-07FFFh -ACOMRAM=01h-07Fh -AABS1=00h-05FFh \
  -ABIGRAM=01h-05FFh -ARAM=080h-0FFh,0100h-01FFhx5 -ABANK0=080h-0FFh \
  -ABANK1=0100h-01FFh -ABANK2=0200h-02FFh -ABANK3=0300h-03FFh \
  -ABANK4=0400h-04FFh -ABANK5=0500h-05FFh -ASFR=0F80h-0FFFh \
  -ACONFIG=0300000h-030000Dh -AIDLOC=0200000h-0200007h \
  -AEEDATA=0F00000h-0F000FFh -peeprom_data=EEDATA \
  -preset_vec=00h,intcode,intcodelo,powerup,init -pramtop=0600h \
  -psmallconst=SMALLCONST -pmediumconst=MEDIUMCONST -pconst=CONST \
  -AFARRAM=00h-00h \
  -prdata=COMRAM,nvrram=COMRAM,nvbit=COMRAM,rbss=COMRAM,rbit=COMRAM \
  -pfarbss=FARRAM,fardata=FARRAM,nvFARRAM=FARRAM \
  -pintsave_regs=BIGRAM,bigbss=BIGRAM,bigdata=BIGRAM -pbss=RAM \
  -pidata=CODE,irdata=CODE,ibigdata=CODE,ifardata=CODE -prparam=COMRAM \
  C:\Users\User\AppData\Local\Temp\xcAsdhk.o \
  dist/default/production\projetoFinal.X.production.o 

Object code version is 3.11

Machine type is 18F4520



                Name                               Link     Load   Length Selector   Space Scale
C:\Users\User\AppData\Local\Temp\xcAsdhk.o
                idloc                            200000   200000        8        0       5
                config                           300000   300000        E        0       4
                init                                  0        0        4        0       0
dist/default/production\projetoFinal.X.production.o
                idloc                            200000   200000        8        0       5
                config                           300000   300000        E        0       4
                mediumconst                        7EE2     7EE2      11E     3F71       0
                text26                             6154     6154      24E     30AA       0
                text25                             5BD0     5BD0       52     2DE8       0
                text24                             5A20     5A20        6     2D10       0
                text23                             5A26     5A26        6     2D13       0
                text22                             5A38     5A38        8     2D1C       0
                text21                             5FDA     5FDA      17A     2FED       0
                text20                             5A50     5A50        A     2D28       0
                text19                             5A5A     5A5A        A     2D2D       0
                text18                             5A64     5A64       18     2D32       0
                text17                             5C22     5C22       54     2E11       0
                text16                             5A7C     5A7C       1C     2D3E       0
                text15                             5E0C     5E0C       7E     2F06       0
                text14                             63A2     63A2      24E     31D1       0
                text13                             5D94     5D94       78     2ECA       0
                text12                             5D24     5D24       70     2E92       0
                text11                             5B42     5B42       3E     2DA1       0
                text10                             5A40     5A40        8     2D20       0
                text9                              5AB8     5AB8       2A     2D5C       0
                text8                              5AE2     5AE2       2A     2D71       0
                text7                              5B80     5B80       50     2DC0       0
                text6                              5A2C     5A2C        6     2D16       0
                text5                              5A32     5A32        6     2D19       0
                text4                              5A48     5A48        8     2D24       0
                text3                              5CCC     5CCC       58     2E66       0
                text2                              5C76     5C76       56     2E3B       0
                text1                              5E8A     5E8A      150     2F45       0
                text0                              65F0     65F0     18F2     32F8       0
                cstackCOMRAM                          1        1       31        1       1
                dataCOMRAM                           32       32       20        1       1
                bssCOMRAM                            52       52        D        1       1
                cinit                              5B0C     5B0C       36     2D86       0
                idataCOMRAM                        5A98     5A98       20     5A98       0

TOTAL           Name                               Link     Load   Length     Space
        CLASS   STACK          

        CLASS   CODE           
                init                                  0        0        4         0
                text26                             6154     6154      24E         0
                text25                             5BD0     5BD0       52         0
                text24                             5A20     5A20        6         0
                text23                             5A26     5A26        6         0
                text22                             5A38     5A38        8         0
                text21                             5FDA     5FDA      17A         0
                text20                             5A50     5A50        A         0
                text19                             5A5A     5A5A        A         0
                text18                             5A64     5A64       18         0
                text17                             5C22     5C22       54         0
                text16                             5A7C     5A7C       1C         0
                text15                             5E0C     5E0C       7E         0
                text14                             63A2     63A2      24E         0
                text13                             5D94     5D94       78         0
                text12                             5D24     5D24       70         0
                text11                             5B42     5B42       3E         0
                text10                             5A40     5A40        8         0
                text9                              5AB8     5AB8       2A         0
                text8                              5AE2     5AE2       2A         0
                text7                              5B80     5B80       50         0
                text6                              5A2C     5A2C        6         0
                text5                              5A32     5A32        6         0
                text4                              5A48     5A48        8         0
                text3                              5CCC     5CCC       58         0
                text2                              5C76     5C76       56         0
                text1                              5E8A     5E8A      150         0
                text0                              65F0     65F0     18F2         0
                cinit                              5B0C     5B0C       36         0
                idataCOMRAM                        5A98     5A98       20         0

        CLASS   CONST          

        CLASS   SMALLCONST     

        CLASS   MEDIUMCONST    
                mediumconst                        7EE2     7EE2      11E         0

        CLASS   COMRAM         
                cstackCOMRAM                          1        1       31         1
                dataCOMRAM                           32       32       20         1
                bssCOMRAM                            52       52        D         1

        CLASS   ABS1           

        CLASS   BIGRAM         

        CLASS   RAM            

        CLASS   BANK0          

        CLASS   BANK1          

        CLASS   BANK2          

        CLASS   BANK3          

        CLASS   BANK4          

        CLASS   BANK5          

        CLASS   SFR            

        CLASS   CONFIG         
                config                           300000   300000        E         4

        CLASS   IDLOC          
                idloc                            200000   200000        8         5

        CLASS   EEDATA         

        CLASS   FARRAM         



SEGMENTS        Name                           Load    Length   Top    Selector   Space  Class

                reset_vec                      000000  000004  000004         0       0  CODE    
                cstackCOMRAM                   000001  00005E  00005F         1       1  COMRAM  
                text24                         005A20  000006  005A26      2D10       0  CODE    
                text23                         005A26  000006  005A2C      2D13       0  CODE    
                text6                          005A2C  000006  005A32      2D16       0  CODE    
                text5                          005A32  000006  005A38      2D19       0  CODE    
                text22                         005A38  000008  005A40      2D1C       0  CODE    
                text10                         005A40  000008  005A48      2D20       0  CODE    
                text4                          005A48  000008  005A50      2D24       0  CODE    
                text20                         005A50  00000A  005A5A      2D28       0  CODE    
                text19                         005A5A  00000A  005A64      2D2D       0  CODE    
                text18                         005A64  000018  005A7C      2D32       0  CODE    
                text16                         005A7C  00001C  005A98      2D3E       0  CODE    
                idataCOMRAM                    005A98  000020  005AB8      5A98       0  CODE    
                text9                          005AB8  00002A  005AE2      2D5C       0  CODE    
                text8                          005AE2  00002A  005B0C      2D71       0  CODE    
                cinit                          005B0C  000036  005B42      2D86       0  CODE    
                text11                         005B42  00003E  005B80      2DA1       0  CODE    
                text7                          005B80  000050  005BD0      2DC0       0  CODE    
                text25                         005BD0  000052  005C22      2DE8       0  CODE    
                text17                         005C22  000054  005C76      2E11       0  CODE    
                text2                          005C76  000056  005CCC      2E3B       0  CODE    
                text3                          005CCC  000058  005D24      2E66       0  CODE    
                text12                         005D24  000070  005D94      2E92       0  CODE    
                text13                         005D94  000078  005E0C      2ECA       0  CODE    
                text15                         005E0C  00007E  005E8A      2F06       0  CODE    
                text1                          005E8A  000150  005FDA      2F45       0  CODE    
                text21                         005FDA  00017A  006154      2FED       0  CODE    
                text26                         006154  00024E  0063A2      30AA       0  CODE    
                text14                         0063A2  00024E  0065F0      31D1       0  CODE    
                text0                          0065F0  0018F2  007EE2      32F8       0  CODE    
                mediumconst                    007EE2  00011E  008000      3F71       0  MEDIUMCO


UNUSED ADDRESS RANGES

        Name                Unused          Largest block    Delta
        BANK0            000080-0000FF               80
        BANK1            000100-0001FF              100
        BANK2            000200-0002FF              100
        BANK3            000300-0003FF              100
        BANK4            000400-0004FF              100
        BANK5            000500-0005FF              100
        BIGRAM           00005F-0005FF              5A1
        CODE             000004-005A1F             5A1C
        COMRAM           00005F-00007F               21
        CONST            000004-005A1F             5A1C
        EEDATA           F00000-F000FF              100
        MEDIUMCONST      000600-005A1F             5420
        RAM              000080-0005FF              100
        SFR              000F80-000FFF               80
        SMALLCONST       000600-005A1F              100
        STACK            000080-0005FF              580

                                  Symbol Table

?_kpRead                  cstackCOMRAM 000001
Delay2ms@i                cstackCOMRAM 000002
Delay40us@i               cstackCOMRAM 000001
_ADCON0                   (abs)        000FC2
_ADCON2                   (abs)        000FC0
_ADRESH                   (abs)        000FC4
_ADRESL                   (abs)        000FC3
_Delay2ms                 text16       005A7C
_Delay40us                text18       005A64
_INTCON                   (abs)        000FF2
_PORTA                    (abs)        000F80
_PORTB                    (abs)        000F81
_PORTC                    (abs)        000F82
_PORTCbits                (abs)        000F82
_PORTD                    (abs)        000F83
_PORTE                    (abs)        000F84
_PORTEbits                (abs)        000F84
_T0CON                    (abs)        000FD5
_TMR0H                    (abs)        000FD7
_TMR0L                    (abs)        000FD6
_TRISA                    (abs)        000F92
_TRISB                    (abs)        000F93
_TRISC                    (abs)        000F94
_TRISCbits                (abs)        000F94
_TRISD                    (abs)        000F95
_TRISE                    (abs)        000F96
_TRISEbits                (abs)        000F96
__HRAM                    (abs)        000000
__Habs1                   abs1         000000
__Hbank0                  bank0        000000
__Hbank1                  bank1        000000
__Hbank2                  bank2        000000
__Hbank3                  bank3        000000
__Hbank4                  bank4        000000
__Hbank5                  bank5        000000
__Hbigbss                 bigbss       000000
__Hbigdata                bigdata      000000
__Hbigram                 bigram       000000
__Hbss                    bss          000000
__HbssCOMRAM              bssCOMRAM    000000
__Hcinit                  cinit        000000
__Hclrtext                clrtext      000000
__Hcomram                 comram       000000
__Hconfig                 config       30000E
__Hconst                  const        000000
__HcstackCOMRAM           cstackCOMRAM 000000
__Hdata                   data         000000
__HdataCOMRAM             dataCOMRAM   000000
__Heeprom_data            eeprom_data  000000
__Hfarbss                 farbss       000000
__Hfardata                fardata      000000
__Hibigdata               ibigdata     000000
__Hidata                  idata        000000
__HidataCOMRAM            idataCOMRAM  000000
__Hidloc                  idloc        200008
__Hifardata               ifardata     000000
__Hinit                   init         000004
__Hintcode                intcode      000000
__Hintcode_body           intcode_body 000000
__Hintcodelo              intcodelo    000000
__Hintentry               intentry     000000
__Hintret                 intret       000000
__Hintsave_regs           intsave_regs 000000
__Hirdata                 irdata       000000
__Hmediumconst            mediumconst  008000
__HnvFARRAM               nvFARRAM     000000
__Hnvbit                  nvbit        000000
__Hnvrram                 nvrram       000000
__Hparam                  rparam       000000
__Hpowerup                powerup      000000
__Hram                    ram          000000
__Hramtop                 ramtop       000600
__Hrbit                   rbit         000000
__Hrbss                   rbss         000000
__Hrdata                  rdata        000000
__Hreset_vec              reset_vec    000000
__Hrparam                 rparam       000000
__Hsfr                    sfr          000000
__Hsmallconst             smallconst   000000
__Hspace_0                (abs)        008000
__Hspace_1                (abs)        00005F
__Hspace_2                (abs)        000000
__Hspace_4                (abs)        60000E
__Hstack                  stack        000000
__Hstruct                 struct       000000
__Htemp                   temp         000000
__Htext                   text         000000
__Htext0                  text0        000000
__Htext1                  text1        000000
__Htext10                 text10       000000
__Htext11                 text11       000000
__Htext12                 text12       000000
__Htext13                 text13       000000
__Htext14                 text14       000000
__Htext15                 text15       000000
__Htext16                 text16       000000
__Htext17                 text17       000000
__Htext18                 text18       000000
__Htext19                 text19       000000
__Htext2                  text2        000000
__Htext20                 text20       000000
__Htext21                 text21       000000
__Htext22                 text22       000000
__Htext23                 text23       000000
__Htext24                 text24       000000
__Htext25                 text25       000000
__Htext26                 text26       000000
__Htext3                  text3        000000
__Htext4                  text4        000000
__Htext5                  text5        000000
__Htext6                  text6        000000
__Htext7                  text7        000000
__Htext8                  text8        000000
__Htext9                  text9        000000
__LRAM                    (abs)        000001
__Labs1                   abs1         000000
__Lbank0                  bank0        000000
__Lbank1                  bank1        000000
__Lbank2                  bank2        000000
__Lbank3                  bank3        000000
__Lbank4                  bank4        000000
__Lbank5                  bank5        000000
__Lbigbss                 bigbss       000000
__Lbigdata                bigdata      000000
__Lbigram                 bigram       000000
__Lbss                    bss          000000
__LbssCOMRAM              bssCOMRAM    000000
__Lcinit                  cinit        000000
__Lclrtext                clrtext      000000
__Lcomram                 comram       000000
__Lconfig                 config       000000
__Lconst                  const        000000
__LcstackCOMRAM           cstackCOMRAM 000000
__Ldata                   data         000000
__LdataCOMRAM             dataCOMRAM   000000
__Leeprom_data            eeprom_data  000000
__Lfarbss                 farbss       000000
__Lfardata                fardata      000000
__Libigdata               ibigdata     000000
__Lidata                  idata        000000
__LidataCOMRAM            idataCOMRAM  000000
__Lidloc                  idloc        000000
__Lifardata               ifardata     000000
__Linit                   init         000000
__Lintcode                intcode      000000
__Lintcode_body           intcode_body 000000
__Lintcodelo              intcodelo    000000
__Lintentry               intentry     000000
__Lintret                 intret       000000
__Lintsave_regs           intsave_regs 000000
__Lirdata                 irdata       000000
__Lmediumconst            mediumconst  007EE2
__LnvFARRAM               nvFARRAM     000000
__Lnvbit                  nvbit        000000
__Lnvrram                 nvrram       000000
__Lparam                  rparam       000000
__Lpowerup                powerup      000000
__Lram                    ram          000000
__Lramtop                 ramtop       000600
__Lrbit                   rbit         000000
__Lrbss                   rbss         000000
__Lrdata                  rdata        000000
__Lreset_vec              reset_vec    000000
__Lrparam                 rparam       000000
__Lsfr                    sfr          000000
__Lsmallconst             smallconst   000000
__Lspace_0                (abs)        000000
__Lspace_1                (abs)        000000
__Lspace_2                (abs)        000000
__Lspace_4                (abs)        000000
__Lstack                  stack        000000
__Lstruct                 struct       000000
__Ltemp                   temp         000000
__Ltext                   text         000000
__Ltext0                  text0        000000
__Ltext1                  text1        000000
__Ltext10                 text10       000000
__Ltext11                 text11       000000
__Ltext12                 text12       000000
__Ltext13                 text13       000000
__Ltext14                 text14       000000
__Ltext15                 text15       000000
__Ltext16                 text16       000000
__Ltext17                 text17       000000
__Ltext18                 text18       000000
__Ltext19                 text19       000000
__Ltext2                  text2        000000
__Ltext20                 text20       000000
__Ltext21                 text21       000000
__Ltext22                 text22       000000
__Ltext23                 text23       000000
__Ltext24                 text24       000000
__Ltext25                 text25       000000
__Ltext26                 text26       000000
__Ltext3                  text3        000000
__Ltext4                  text4        000000
__Ltext5                  text5        000000
__Ltext6                  text6        000000
__Ltext7                  text7        000000
__Ltext8                  text8        000000
__Ltext9                  text9        000000
__S0                      (abs)        008000
__S1                      (abs)        00005F
__S2                      (abs)        000000
__S4                      (abs)        000000
__S5                      (abs)        000000
___inthi_sp               stack        000000
___intlo_sp               stack        000000
___param_bank             (abs)        000000
___rparam_used            (abs)        000001
___sp                     stack        000000
__accesstop               (abs)        000080
__activetblptr            (abs)        000002
__end_of_Delay2ms         text16       005A98
__end_of_Delay40us        text18       005A7C
__end_of__initialization  cinit        005B38
__end_of_atraso_ms        text11       005B80
__end_of_desligaDisplays  text25       005C22
__end_of_desligaRele1     text24       005A26
__end_of_desligaRele2     text23       005A2C
__end_of_desligarCooler   text22       005A40
__end_of_digitalWrite     text26       0063A2
__end_of_kpDebounce       text21       006154
__end_of_kpInit           text20       005A5A
__end_of_kpRead           text19       005A64
__end_of_lcdCommand       text15       005E8A
__end_of_lcdData          text17       005C76
__end_of_lcdInit          text13       005E0C
__end_of_lcdPosition      text12       005D94
__end_of_lcd_cmd          text9        005AE2
__end_of_lcd_dat          text8        005B0C
__end_of_lcd_str          text7        005BD0
__end_of_lcd_wr           text10       005A48
__end_of_ligaRele1        text6        005A32
__end_of_ligaRele2        text5        005A38
__end_of_ligarCooler      text4        005A50
__end_of_main             text0        007EE2
__end_of_pinMode          text14       0065F0
__end_of_ssdDigit         text3        005D24
__end_of_ssdInit          text2        005CCC
__end_of_ssdUpdate        text1        005FDA
__end_of_valor@ssd$F975   mediumconst  007EF3
__initialization          cinit        005B0C
__mediumconst             mediumconst  007EE2
__pbssCOMRAM              bssCOMRAM    000052
__pcinit                  cinit        005B0C
__pcstackCOMRAM           cstackCOMRAM 000001
__pdataCOMRAM             dataCOMRAM   000032
__pidataCOMRAM            idataCOMRAM  005A98
__pmediumconst            mediumconst  007EE2
__ptext0                  text0        0065F0
__ptext1                  text1        005E8A
__ptext10                 text10       005A40
__ptext11                 text11       005B42
__ptext12                 text12       005D24
__ptext13                 text13       005D94
__ptext14                 text14       0063A2
__ptext15                 text15       005E0C
__ptext16                 text16       005A7C
__ptext17                 text17       005C22
__ptext18                 text18       005A64
__ptext19                 text19       005A5A
__ptext2                  text2        005C76
__ptext20                 text20       005A50
__ptext21                 text21       005FDA
__ptext22                 text22       005A38
__ptext23                 text23       005A26
__ptext24                 text24       005A20
__ptext25                 text25       005BD0
__ptext26                 text26       006154
__ptext3                  text3        005CCC
__ptext4                  text4        005A48
__ptext5                  text5        005A32
__ptext6                  text6        005A2C
__ptext7                  text7        005B80
__ptext8                  text8        005AE2
__ptext9                  text9        005AB8
__ramtop                  ramtop       000600
__size_of_Delay2ms        (abs)        000000
__size_of_Delay40us       (abs)        000000
__size_of_atraso_ms       (abs)        000000
__size_of_desligaDisplays (abs)        000000
__size_of_desligaRele1    (abs)        000000
__size_of_desligaRele2    (abs)        000000
__size_of_desligarCooler  (abs)        000000
__size_of_digitalWrite    (abs)        000000
__size_of_kpDebounce      (abs)        000000
__size_of_kpInit          (abs)        000000
__size_of_kpRead          (abs)        000000
__size_of_lcdCommand      (abs)        000000
__size_of_lcdData         (abs)        000000
__size_of_lcdInit         (abs)        000000
__size_of_lcdPosition     (abs)        000000
__size_of_lcd_cmd         (abs)        000000
__size_of_lcd_dat         (abs)        000000
__size_of_lcd_str         (abs)        000000
__size_of_lcd_wr          (abs)        000000
__size_of_ligaRele1       (abs)        000000
__size_of_ligaRele2       (abs)        000000
__size_of_ligarCooler     (abs)        000000
__size_of_main            (abs)        000000
__size_of_pinMode         (abs)        000000
__size_of_ssdDigit        (abs)        000000
__size_of_ssdInit         (abs)        000000
__size_of_ssdUpdate       (abs)        000000
__smallconst              smallconst   000000
_atraso_ms                text11       005B42
_de                       bssCOMRAM    00005D
_desligaDisplays          text25       005BD0
_desligaRele1             text24       005A20
_desligaRele2             text23       005A26
_desligarCooler           text22       005A38
_digitalWrite             text26       006154
_display                  bssCOMRAM    00005C
_kpDebounce               text21       005FDA
_kpInit                   text20       005A50
_kpRead                   text19       005A5A
_lcdCommand               text15       005E0C
_lcdData                  text17       005C22
_lcdInit                  text13       005D94
_lcdPosition              text12       005D24
_lcd_cmd                  text9        005AB8
_lcd_dat                  text8        005AE2
_lcd_str                  text7        005B80
_lcd_wr                   text10       005A40
_ligaRele1                text6        005A2C
_ligaRele2                text5        005A32
_ligarCooler              text4        005A48
_main                     text0        0065F0
_pinMode                  text14       0063A2
_ssdDigit                 text3        005CCC
_ssdInit                  text2        005C76
_ssdUpdate                text1        005E8A
_v0                       bssCOMRAM    00005B
_v1                       bssCOMRAM    00005A
_v2                       bssCOMRAM    000059
_v3                       bssCOMRAM    000058
_valor                    bssCOMRAM    000056
_valor@ssd$F975           mediumconst  007EE3
atraso_ms@i               cstackCOMRAM 000003
atraso_ms@j               cstackCOMRAM 000005
atraso_ms@valor           cstackCOMRAM 000001
digitalWrite@pin          cstackCOMRAM 000001
digitalWrite@value        cstackCOMRAM 000003
end_of_initialization     cinit        005B38
intlevel0                 text         000000
intlevel1                 text         000000
intlevel2                 text         000000
intlevel3                 text         000000
isa$std                   (abs)        000001
isa$xinst                 (abs)        000000
kpDebounce@i              cstackCOMRAM 00000A
kpDebounce@j              cstackCOMRAM 000009
kpDebounce@k              cstackCOMRAM 000007
kpDebounce@old_D          cstackCOMRAM 000006
kpDebounce@tempo          bssCOMRAM    00005E
kpDebounce@valorAntigo    bssCOMRAM    000052
kpDebounce@valorNovo      bssCOMRAM    000054
lcdCommand@cmd            cstackCOMRAM 000008
lcdCommand@old_D          cstackCOMRAM 000007
lcdData@old_D             cstackCOMRAM 000008
lcdData@valor             cstackCOMRAM 000007
lcdPosition@coluna        cstackCOMRAM 000009
lcdPosition@linha         cstackCOMRAM 00000A
lcd_cmd@val               cstackCOMRAM 000006
lcd_dat@val               cstackCOMRAM 000006
lcd_str@i                 cstackCOMRAM 00000B
lcd_str@str               cstackCOMRAM 000007
lcd_wr@val                cstackCOMRAM 000001
main@F2688                dataCOMRAM   000032
main@coluna               cstackCOMRAM 00002C
main@i                    cstackCOMRAM 00002E
main@imagem1              cstackCOMRAM 00000C
main@linha                cstackCOMRAM 00002D
main@tecla                cstackCOMRAM 000030
pinMode@pin               cstackCOMRAM 000001
pinMode@type              cstackCOMRAM 000003
ssdDigit@pos              cstackCOMRAM 000001
ssdDigit@val              cstackCOMRAM 000002
stackhi                   (abs)        0005FF
stacklo                   (abs)        000080
start                     init         000000
start_initialization      cinit        005B0C


MODULE INFORMATION

Module		Function		Class		Link	Load	Size
ssd.c
		_ssdInit       		CODE           	5C76	0000	86
		_ssdDigit      		CODE           	5CCC	0000	88
		_ssdUpdate     		CODE           	5E8A	0000	336

ssd.c estimated size: 510

keypad.c
		_kpInit        		CODE           	5A50	0000	10
		_kpDebounce    		CODE           	5FDA	0000	378
		_kpRead        		CODE           	5A5A	0000	10

keypad.c estimated size: 398

io.c
		_digitalWrite  		CODE           	6154	0000	590
		_pinMode       		CODE           	63A2	0000	590

io.c estimated size: 1180

atraso.c
		_atraso_ms     		CODE           	5B42	0000	62

atraso.c estimated size: 62

shared
		__initialization		CODE           	5B0C	0000	44
		_valor@ssd$F975		MEDIUMCONST    	7EE3	0000	16

shared estimated size: 60

lcd.c
		_lcd_cmd       		CODE           	5AB8	0000	42
		_lcd_dat       		CODE           	5AE2	0000	42
		_lcd_wr        		CODE           	5A40	0000	8
		_lcd_str       		CODE           	5B80	0000	80

lcd.c estimated size: 172

lcdData.c
		_lcdCommand    		CODE           	5E0C	0000	126
		_Delay40us     		CODE           	5A64	0000	24
		_lcdInit       		CODE           	5D94	0000	120
		_lcdData       		CODE           	5C22	0000	84
		_Delay2ms      		CODE           	5A7C	0000	28

lcdData.c estimated size: 382

main.c
		_desligarCooler		CODE           	5A38	0000	8
		_main          		CODE           	65F0	0000	6386
		_ligarCooler   		CODE           	5A48	0000	8
		_desligaDisplays		CODE           	5BD0	0000	82
		_ligaRele1     		CODE           	5A2C	0000	6
		_ligaRele2     		CODE           	5A32	0000	6
		_lcdPosition   		CODE           	5D24	0000	112
		_desligaRele1  		CODE           	5A20	0000	6
		_desligaRele2  		CODE           	5A26	0000	6

main.c estimated size: 6620

